<html>
<body>
<pre>
<h1>µVision Build Log</h1>
<h2>Tool Versions:</h2>
IDE-Version: ¦ÌVision V5.29.0.0
Copyright (C) 2019 ARM Ltd and ARM Germany GmbH. All rights reserved.
License Information: RIU 1, 1, LIC=9WSKC-7EB9K-KPHZY-IXVI1-2CWLV-2AJ16
 
Tool Versions:
Toolchain:       MDK-ARM Plus  Version: 5.29.0.0
Toolchain Path:  D:\MCU\stm32\keil5\ARM\ARMCC\Bin
C Compiler:      Armcc.exe V5.06 update 6 (build 750)
Assembler:       Armasm.exe V5.06 update 6 (build 750)
Linker/Locator:  ArmLink.exe V5.06 update 6 (build 750)
Library Manager: ArmAr.exe V5.06 update 6 (build 750)
Hex Converter:   FromElf.exe V5.06 update 6 (build 750)
CPU DLL:         SARMCM3.DLL V5.29.0.0
Dialog DLL:      DCM.DLL V1.17.3.0
Target DLL:      CMSIS_AGDI.dll V1.32.0.0
Dialog DLL:      TCM.DLL V1.36.5.0
 
<h2>Project:</h2>
D:\RIU¡®s FEIL\stm32f4\Template\USER\Template.uvprojx
Project File Date:  07/14/2021

<h2>Output:</h2>
*** Using Compiler 'V5.06 update 6 (build 750)', folder: 'D:\MCU\stm32\keil5\ARM\ARMCC\Bin'
Build target 'Template'
compiling main.c...
..\HARDWARE\OLED\oled.h(46): warning:  #1-D: last line of file ends without a newline
  #endif
..\HARDWARE\OLED\bmp.h(140): warning:  #1-D: last line of file ends without a newline
  #endif
main.c(21): warning:  #177-D: variable "adcx"  was declared but never referenced
  	u16 adcx;
main.c(22): warning:  #177-D: variable "angle"  was declared but never referenced
  	u16 angle;
main.c(23): warning:  #177-D: variable "temp"  was declared but never referenced
  	float temp;
main.c: 5 warnings, 0 errors
linking...
Program Size: Code=17914 RO-data=6682 RW-data=5224 ZI-data=2984  
FromELF: creating hex file...
"..\OBJ\Template.axf" - 0 Error(s), 5 Warning(s).

<h2>Software Packages used:</h2>

Package Vendor: Keil
                http://www.keil.com/pack/Keil.STM32F4xx_DFP.2.14.0.pack
                Keil.STM32F4xx_DFP.2.14.0
                STMicroelectronics STM32F4 Series Device Support, Drivers and Examples

<h2>Collection of Component include folders:</h2>
  .\RTE\_Template
  C:\Users\86177\AppData\Local\Arm\Packs\Keil\STM32F4xx_DFP\2.14.0\Drivers\CMSIS\Device\ST\STM32F4xx\Include

<h2>Collection of Component Files used:</h2>
Build Time Elapsed:  00:00:03
</pre>
</body>
</html>
